17:55:56 **** Build of configuration Debug for project STM32F407xx ****
make -j4 all 
arm-none-eabi-gcc -mcpu=cortex-m4 -g3 -DDEBUG -c -x assembler-with-cpp -MMD -MP -MF"Startup/startup_stm32f407vgtx.d" -MT"Startup/startup_stm32f407vgtx.o" --specs=nano.specs -mfloat-abi=hard -mthumb -o "Startup/startup_stm32f407vgtx.o" "../Startup/startup_stm32f407vgtx.s"
arm-none-eabi-gcc "../Src/main.c" -mcpu=cortex-m4 -std=gnu11 -g3 -DDEBUG -DSTM32 -DSTM32F407G_DISC1 -DSTM32F4 -DSTM32F407VGTx -c -I"D:/Embedded Programming/STM32_Programming/LED/STM32F407xx/Driver/Inc" -I"D:/Embedded Programming/STM32_Programming/LED/STM32F407xx/Inc" -O0 -ffunction-sections -fdata-sections -Wall -fstack-usage -fcyclomatic-complexity -MMD -MP -MF"Src/main.d" -MT"Src/main.o" --specs=nano.specs -mfloat-abi=hard -mthumb -o "Src/main.o"
arm-none-eabi-gcc "../Src/syscalls.c" -mcpu=cortex-m4 -std=gnu11 -g3 -DDEBUG -DSTM32 -DSTM32F407G_DISC1 -DSTM32F4 -DSTM32F407VGTx -c -I"D:/Embedded Programming/STM32_Programming/LED/STM32F407xx/Driver/Inc" -I"D:/Embedded Programming/STM32_Programming/LED/STM32F407xx/Inc" -O0 -ffunction-sections -fdata-sections -Wall -fstack-usage -fcyclomatic-complexity -MMD -MP -MF"Src/syscalls.d" -MT"Src/syscalls.o" --specs=nano.specs -mfloat-abi=hard -mthumb -o "Src/syscalls.o"
arm-none-eabi-gcc "../Src/sysmem.c" -mcpu=cortex-m4 -std=gnu11 -g3 -DDEBUG -DSTM32 -DSTM32F407G_DISC1 -DSTM32F4 -DSTM32F407VGTx -c -I"D:/Embedded Programming/STM32_Programming/LED/STM32F407xx/Driver/Inc" -I"D:/Embedded Programming/STM32_Programming/LED/STM32F407xx/Inc" -O0 -ffunction-sections -fdata-sections -Wall -fstack-usage -fcyclomatic-complexity -MMD -MP -MF"Src/sysmem.d" -MT"Src/sysmem.o" --specs=nano.specs -mfloat-abi=hard -mthumb -o "Src/sysmem.o"
arm-none-eabi-gcc "../Driver/Src/STM32F407xx_gpiodriver.c" -mcpu=cortex-m4 -std=gnu11 -g3 -DDEBUG -DSTM32 -DSTM32F407G_DISC1 -DSTM32F4 -DSTM32F407VGTx -c -I"D:/Embedded Programming/STM32_Programming/LED/STM32F407xx/Driver/Inc" -I"D:/Embedded Programming/STM32_Programming/LED/STM32F407xx/Inc" -O0 -ffunction-sections -fdata-sections -Wall -fstack-usage -fcyclomatic-complexity -MMD -MP -MF"Driver/Src/STM32F407xx_gpiodriver.d" -MT"Driver/Src/STM32F407xx_gpiodriver.o" --specs=nano.specs -mfloat-abi=hard -mthumb -o "Driver/Src/STM32F407xx_gpiodriver.o"
arm-none-eabi-gcc -o "STM32F407xx.elf" @"objects.list"   -mcpu=cortex-m4 -T"D:\Embedded Programming\STM32_Programming\LED\STM32F407xx\STM32F407VGTX_FLASH.ld" --specs=nosys.specs -Wl,-Map="STM32F407xx.map" -Wl,--gc-sections -static --specs=nano.specs -mfloat-abi=hard -mthumb -Wl,--start-group -lc -lm -Wl,--end-group
Finished building target: STM32F407xx.elf
 
arm-none-eabi-size  STM32F407xx.elf 
arm-none-eabi-objdump -h -S STM32F407xx.elf  > "STM32F407xx.list"
   text	   data	    bss	    dec	    hex	filename
   1652	      0	   1568	   3220	    c94	STM32F407xx.elf
Finished building: default.size.stdout
 
Finished building: STM32F407xx.list
 
17:56:03 **** Incremental Build of configuration Debug for project STM32F407xx ****
make -j4 all 
arm-none-eabi-size  STM32F407xx.elf 
   text	   data	    bss	    dec	    hex	filename
   1652	      0	   1568	   3220	    c94	STM32F407xx.elf
Finished building: default.size.stdout
 
17:56:14 **** Incremental Build of configuration Debug for project STM32F407xx ****
make -j4 all 
arm-none-eabi-size  STM32F407xx.elf 
   text	   data	    bss	    dec	    hex	filename
   1652	      0	   1568	   3220	    c94	STM32F407xx.elf
Finished building: default.size.stdout
 
